// Jest Snapshot v1, https://goo.gl/fbAQLP

exports[`App component renders App 1`] = `
<Fragment>
  <Header />
  <Footer />
  <Character
    img="/path/image"
    name="Bepisian"
    species="Alien"
  />
  <Character
    img="/path/image"
    name="Blimblam"
    species="Alien"
  />
  <Character
    img="/path/image"
    name="Chris"
    species="Organic Gun"
  />
  <Character
    img="/path/image"
    name="Lawyer Morty"
    species="Human"
  />
  <Character
    img="/path/image"
    name="Tumblorkian"
    species="Alien"
  />
  <Character
    img="/path/image"
    name="MCHaps"
    species="Human"
  />
  <Character
    img="/path/image"
    name="Vampire Master"
    species="vampire"
  />
  <Character
    img="/path/image"
    name="Photography Raptor"
    species="Parasite"
  />
  <Character
    img="/path/image"
    name="Greasy Grandma"
    species="Grandma"
  />
  <Character
    img="/path/image"
    name="Ryan Mehta"
    species="Mehta-Human"
  />
</Fragment>
`;
